test@Arvin MINGW64 ~
$ git config --global user.name "Arvin"

test@Arvin MINGW64 ~
$ git config --global user.email arvinsaguisa@gmail.com

test@Arvin MINGW64 ~
$ git config --list
diff.astextplain.textconv=astextplain
filter.lfs.clean=git-lfs clean -- %f
filter.lfs.smudge=git-lfs smudge -- %f
filter.lfs.process=git-lfs filter-process
filter.lfs.required=true
http.sslbackend=openssl
http.sslcainfo=C:/Program Files/Git/mingw64/ssl/certs/ca-bundle.crt
core.autocrlf=true
core.fscache=true
core.symlinks=false
pull.rebase=false
credential.helper=manager-core
credential.https://dev.azure.com.usehttppath=true
init.defaultbranch=master
user.email=arvinsaguisa@gmail.com
user.name=Arvin

test@Arvin MINGW64 ~
$ pwd
/c/Users/Acer

test@Arvin MINGW64 ~
$ mkdir arvRepo

test@Arvin MINGW64 ~
$ cd arvRepo

test@Arvin MINGW64 ~/arvRepo
$ pwd
/c/Users/Acer/arvRepo

test@Arvin MINGW64 ~/arvRepo
$ mkdir busT

test@Arvin MINGW64 ~/arvRepo
$ pwd
/c/Users/Acer/arvRepo

test@Arvin MINGW64 ~/arvRepo
$ pwd
/c/Users/Acer/arvRepo

test@Arvin MINGW64 ~/arvRepo
$ cd busT

test@Arvin MINGW64 ~/arvRepo/busT
$ git init
Initialized empty Git repository in C:/Users/Acer/arvRepo/busT/.git/

test@Arvin MINGW64 ~/arvRepo/busT (master)
$ touch hello.txt

test@Arvin MINGW64 ~/arvRepo/busT (master)
$ ls
hello.txt

test@Arvin MINGW64 ~/arvRepo/busT (master)
$ notepad hello.txt

test@Arvin MINGW64 ~/arvRepo/busT (master)
$ git status
On branch master

No commits yet

Untracked files:
  (use "git add <file>..." to include in what will be committed)
        hello.txt

nothing added to commit but untracked files present (use "git add" to track)

test@Arvin MINGW64 ~/arvRepo/busT (master)
$ git add .

test@Arvin MINGW64 ~/arvRepo/busT (master)
$ git status
On branch master

No commits yet

Changes to be committed:
  (use "git rm --cached <file>..." to unstage)
        new file:   hello.txt


test@Arvin MINGW64 ~/arvRepo/busT (master)
$ git commit -m "added bus t mobile"
[master (root-commit) e2b1b7c] added bus t mobile
 1 file changed, 1 insertion(+)
 create mode 100644 hello.txt

test@Arvin MINGW64 ~/arvRepo/busT (master)
$ git log
commit e2b1b7c53ddaf531d7b1e9cd74366744aec0ab57 (HEAD -> master)
Author: Arvin <arvinsaguisa@gmail.com>
Date:   Thu Nov 3 19:53:59 2022 +0800

    added bus t mobile

test@Arvin MINGW64 ~/arvRepo/busT (master)
$ git remote add origin https://github.com/Arvin-tech/testRepo.git

test@Arvin MINGW64 ~/arvRepo/busT (master)
$ git remove -v
git: 'remove' is not a git command. See 'git --help'.

The most similar command is
        remote

test@Arvin MINGW64 ~/arvRepo/busT (master)
$ git remote -v
origin  https://github.com/Arvin-tech/testRepo.git (fetch)
origin  https://github.com/Arvin-tech/testRepo.git (push)

test@Arvin MINGW64 ~/arvRepo/busT (master)
$ git push -u origin master
Enumerating objects: 3, done.
Counting objects: 100% (3/3), done.
Delta compression using up to 4 threads
Compressing objects: 100% (2/2), done.
Writing objects: 100% (3/3), 265 bytes | 265.00 KiB/s, done.
Total 3 (delta 0), reused 0 (delta 0), pack-reused 0
To https://github.com/Arvin-tech/testRepo.git
 * [new branch]      master -> master
branch 'master' set up to track 'origin/master'.

test@Arvin MINGW64 ~/arvRepo/busT (master)
$ git add .
warning: in the working copy of 'PaymentCalculator/PaymentCalculator/Web.config', LF will be replaced by CRLF the next time Git touches it
warning: in the working copy of 'PaymentCalculator/PaymentCalculator/bin/PaymentCalculator.dll.config', LF will be replaced by CRLF the next time Git touches it

test@Arvin MINGW64 ~/arvRepo/busT (master)
$ git commit -m "added paymentcalcu folder"

test@Arvin MINGW64 ~/arvRepo/busT (master)
$ git push -u origin master
Enumerating objects: 132, done.
Counting objects: 100% (132/132), done.
Delta compression using up to 4 threads
Compressing objects: 100% (124/124), done.
Writing objects: 100% (131/131), 25.86 MiB | 5.80 MiB/s, done.
Total 131 (delta 36), reused 0 (delta 0), pack-reused 0
remote: Resolving deltas: 100% (36/36), done.
To https://github.com/Arvin-tech/testRepo.git
   e2b1b7c..152da1c  master -> master
branch 'master' set up to track 'origin/master'.

